#-----------------------------------------------------------
# Vivado v2021.1 (64-bit)
# SW Build 3247384 on Thu Jun 10 19:36:33 MDT 2021
# IP Build 3246043 on Fri Jun 11 00:30:35 MDT 2021
# Start of session at: Mon Jun 12 22:35:17 2023
# Process ID: 6200
# Current directory: E:/Pycharmworkplace/VhdlSimulation/AtomicSystemGeneration/SystemProject/SSS0all
# Command line: vivado.exe -gui_launcher_event rodinguilauncherevent5224 E:\Pycharmworkplace\VhdlSimulation\AtomicSystemGeneration\SystemProject\SSS0all\SSS0all.xpr
# Log file: E:/Pycharmworkplace/VhdlSimulation/AtomicSystemGeneration/SystemProject/SSS0all/vivado.log
# Journal file: E:/Pycharmworkplace/VhdlSimulation/AtomicSystemGeneration/SystemProject/SSS0all\vivado.jou
#-----------------------------------------------------------
start_gui
open_project E:/Pycharmworkplace/VhdlSimulation/AtomicSystemGeneration/SystemProject/SSS0all/SSS0all.xpr
update_compile_order -fileset sources_1
open_bd_design {E:/Pycharmworkplace/VhdlSimulation/AtomicSystemGeneration/SystemProject/SSS0all/SSS0all.srcs/sources_1/bd/SSS0all/SSS0all.bd}
generate_target Simulation [get_files E:/Pycharmworkplace/VhdlSimulation/AtomicSystemGeneration/SystemProject/SSS0all/SSS0all.srcs/sources_1/bd/SSS0all/SSS0all.bd]
launch_simulation
source SSS0all_wrapper.tcl
close_sim
